help.are
limbo.are
plane_of_magic.are
guards.are
D_upper_discordia.are
D_land_of_discordia.are
D_town_of_discordia.are
forgotten_library.are
arkha_tower.are
the_bard_towers_mansion.are
mar_narev.are
D_discordia_royal_castle.are
taj-al-jahiz.are
tortuguero_mansion.are
utopia.are
utopia_greater.are
xian_suburbs.are
drayton.are
faowin.are
utopia_wilderness.are
shadow_grove.are
mountains.are
assassins_guild.are
dreadsea.are
obas_training_mansion.are
garden_lake.are
the_bard_towers.are
shady_acres.are
the_pier.are
the_dark_woods.are
trystenveldt.are
beyond_keztim.are
isoria.are
sword_and_arms_academy.are
temple_seekers.are
temple_kantalutha.are
temple_destora.are
temple_verinth.are
temple_illistara.are
temple_nefas.are
temple_syncarth.are
mysterious_forest.are
temple_shadar_gauntlet.are
temple_aristea.are
temple_of_integrity.are
dragons_vengeance.are
kenbrolith_forest.are
flierkingnorlobe.are
reynocs_curse.are
vilnask.are
necromancers_mansion.are
wynton_peak.are
the_catacombs.are
ubel_monument.are
autria.are
margate.are
woodmonte_village.are
forgotten_wasteland.are
fortress_of_order.are
malack.are
basalt_stadium.are
high_realm_of_dragons.are
desert_of_demise.are
D_discordia_road.are
utopia_roads.are
schlangegrube.are
serpents_fang.are
utopia_castle.are
D_discordia_court.are
$
